5005
11440
11440
12870
1287
3003
210
3003
126
24310
3003
48620
495
6435
210
495
11440
24310
70
924
1716
48620
2002
3003
462
5005
462
3003
495
3003
24310
1716
1287
792
5005
3003
210
924
24310
1287
210
11440
126
495
70
12870
252
210
1287
210
