17660
15
3 14 170 145 121 46 76 75 92 166 131 156 164 28 25 