29919
22
1529 830 1784 786 1716 375 596 10 173 1032 896 147 1448 677 25 766 293 1023 236 568 373 212 