24594
54
4048 3942 4857 4315 3735 4822 2696 1401 3291 324 1635 466 525 2802 3527 1581 1116 361 767 3087 2929 1179 683 2883 2923 1542 330 928 1957 3733 1349 3140 3640 2713 2277 3898 864 1757 3323 1264 127 1787 3939 57 189 2400 2338 2356 4583 797 128 2385 1977 3451 