23211
38
5404 5717 184 3961 2156 1664 4923 3688 4193 6236 1601 5408 2940 25 1998 1716 4038 5279 5738 218 1949 4736 3898 4403 3399 4250 1505 653 6194 5012 880 2778 3455 5149 2099 2603 4582 5244 