14860
47
9684 7988 794 2615 2363 7802 8563 9033 8853 323 1433 2092 1901 8724 8672 694 1137 1555 1986 9853 8231 9582 6351 9910 1303 2272 2927 9299 3298 3259 7369 3987 6905 7534 2436 620 6118 8215 7546 1414 1462 304 8804 191 3542 1133 3950 