4260
28
2539 4732 8130 6701 10056 5214 4539 11785 5579 5920 8333 6552 847 2448 4456 1876 5317 2166 12343 9813 8011 1315 7407 3178 3685 12254 6458 1248 