15282
35
2003 5749 2815 12085 12313 8564 5213 6624 18797 10866 14267 2985 2951 4454 1851 11446 6048 8355 1736 10111 4847 8755 5977 9540 10471 2791 2055 9937 12489 4736 10297 6888 7012 19394 2641 