22621
137
6636 5916 24796 12893 17523 19536 17595 25782 26071 27910 25605 24636 2284 15398 180 12586 4923 31909 14645 13811 27040 15568 10086 5250 17376 15265 20790 4462 838 12865 27951 215 28780 14465 8089 21993 24183 1704 7375 10158 28447 10572 2099 13302 16838 18721 27754 3221 6124 24812 7440 2910 1720 28708 27339 19053 10340 15333 10230 32090 29697 2578 18698 8574 28575 13497 12657 12046 24611 4667 14304 2449 3571 25163 32381 1785 31313 11840 30310 11843 21002 2644 6673 14283 28593 27850 27705 302 287 28594 22200 9039 2302 8600 26768 29736 23313 31438 23954 28497 17010 16399 21293 15350 18476 22169 31856 31300 12873 6973 30743 10970 31279 26976 7295 17494 19205 12234 24297 26451 6376 1057 23661 17768 9061 22913 31037 5940 29212 26167 904 30841 23749 11152 7664 18294 10032 