22349
24
14946 31766 22817 1457 26274 16553 17783 258 27572 9219 7743 15003 17884 13774 5173 15466 505 9385 27645 28735 20444 3968 24480 16433 