27997
82
22550 32699 17382 19377 19765 19163 12066 11224 14763 13610 9113 4619 11620 19815 27352 13671 20247 18697 22263 26267 18335 17719 32457 21693 32404 15568 20873 10790 12282 25436 22961 26232 6190 9797 6956 4005 17816 5070 6196 17412 12342 18914 30655 5146 8318 1814 415 19132 4275 2778 4582 17516 7775 5075 4850 12173 1653 20755 19430 28087 13314 4314 180 26309 3056 2732 26556 3166 15057 25403 27310 9800 22289 28747 15714 30721 16674 7557 12856 8644 29933 5641 