9452 5593
6229 5663
3997 1788
680 8118
12036 7892
9389 639
5555 9028
2138 7732
10110 3401
11298 6505
7850 9309
4926 8113
7112 8690
58 5150
5884 662
5742 3207
7403 7908
8466 8381
29045 8680
29008 7355
