16480
120575
656
8883
12015
18021
41160
16938
79680
92475
16530
69777
44475
20514
124932
81545
23439
73393
118083
7010
106845
53622
112140
56451
34157
20203
6685
51037
76100
25623
25227
88587
16299
26634
97328
74797
15954
18423
92097
17494
74681
11115
125235
79234
88356
43979
6797
117171
5095
7230
135549
29465
50409
50073
51666
38052
34107
33325
4793
36948
70057
176481
24648
94135
38943
111101
20745
70842
106647
37035
16595
74557
19555
50011
13210
49011
121923
98075
3222
112432
69093
41179
33987
82494
60700
85730
18011
58011
74770
84356
36171
16389
4156
34962
35298
7764
5625
40815
125617
137448
