15866344685926181553959063378512693398678114664448