1
1
1
3
3
5
7
9
17
15
27
53
31
81
161
63
243
485
127
729
1457
255
2187
4373
511
6561
13121
1023
19683
39365
2047
59049
118097
4095
177147
354293
8191
531441
1062881
16383
1594323
3188645
32767
4782969
9565937
65535
14348907
28697813
131071
43046721
86093441
262143
129140163
258280325
524287
387420489
774840977
1048575
1162261467
2324522933
2097151
3486784401
6973568801
4194303
10460353203
20920706405
8388607
31381059609
62762119217
16777215
94143178827
188286357653
33554431
282429536481
564859072961
67108863
847288609443
1694577218885
134217727
2541865828329
5083731656657
268435455
7625597484987
15251194969973
536870911
22876792454961
45753584909921
1073741823
68630377364883
137260754729765
