1
13
15
18
27
30
36
37
39
42
52
55
57
60
68
71
74
76
78
94
96
99
100
104
109
115
122
123
126
134
141
171
173
181
191
195
206
210
215
224
225
229
244
252
263
268
273
291
296
297
302
307
310
312
314
316
318
320
324
327
332
333
334
335
336
337
339
342
344
356
357
362
364
373
377
387
395
396
405
406
428
430
433
446
449
450
453
454
455
457
471
472
474
475
489
491
492
497
498
504
516
517
523
525
526
531
533
538
543
544
547
550
560
580
581
589
591
597
598
612
616
617
619
620
627
637
639
644
645
648
651
664
665
672
677
680
683
689
693
694
696
702
712
717
718
720
721
722
726
751
752
755
756
768
774
788
793
798
800
806
808
822
829
846
849
852
853
854
863
865
871
875
888
893
895
902
905
909
920
922
928
932
939
940
941
943
965
966
977
980
995
998
