2
3
5
6
9
14
16
17
18
20
23
24
30
35
38
41
44
45
46
47
48
49
52
53
54
57
