8
10
13
22
23
34
36
38
39
47
50
51
58
59
61
68
70
72
76
77
79
82
83
85
87
92
94
96
99
101
102
104
108
110
113
116
121
127
128
135
136
137
138
143
144
147
150
155
156
159
165
168
169
174
175
176
180
184
185
187
190
191
192
194
200
210
211
212
215
218
221
231
233
235
236
237
239
242
244
245
246
255
256
259
261
263
264
266
269
278
279
284
290
300
