6
7
13
36
37
38
44
45
46
47
49
55
63
64
75
76
80
91
101
104
106
114
115
118
119
125
126
128
133
137
140
141
149
152
154
157
159
160
161
164
166
168
171
172
173
174
183
186
190
193
194
195
196
203
206
213
218
227
229
231
234
235
239
240
242
249
252
254
256
262
267
276
277
280
286
290
293
297
299
300
302
305
307
310
316
318
320
322
324
325
326
327
333
342
343
344
345
356
361
363
364
373
376
377
378
379
382
383
386
389
390
392
394
397
399
