3
5
12
15
16
21
24
26
28
29
30
31
32
39
41
46
53
54
56
58
59
62
64
65
69
73
75
78
79
81
83
84
85
86
92
93
95
103
104
106
110
114
115
116
121
122
123
125
130
134
138
143
150
151
153
154
157
158
164
169
175
178
182
185
186
190
191
192
199
201
202
207
208
218
219
220
227
228
250
255
256
258
259
262
267
268
272
276
278
281
287
300
302
315
317
319
326
327
332
334
340
343
345
348
350
351
355
361
364
367
368
369
370
374
376
377
378
381
382
383
384
385
394
395
399
401
403
405
407
413
415
417
418
419
420
421
424
425
426
428
429
432
441
443
449
452
453
454
460
463
464
468
469
475
476
480
484
491
493
494
499
500
504
505
514
518
521
522
523
525
531
533
536
540
543
544
547
554
558
560
561
562
565
568
571
574
576
584
589
591
593
595
597
599
