1
30
31
38
44
45
51
53
57
74
80
86
90
92
110
116
124
130
133
135
138
143
145
146
164
169
173
174
175
176
187
191
200
201
207
213
214
224
232
234
250
251
253
254
258
261
266
268
282
293
300
306
308
311
315
327
333
339
341
344
354
355
359
361
366
371
372
375
377
388
392
395
407
422
428
434
435
436
442
445
448
452
461
476
489
490
493
510
511
513
517
518
520
527
528
533
536
537
545
547
561
573
580
585
586
594
601
609
613
620
633
644
645
646
651
656
657
667
669
680
684
686
689
690
698
699
