1
2
3
4
5
6
7
9
11
12
14
17
20
21
22
23
29
31
38
40
58
59
60
69
71
72
73
79
84
89
90
91
93
94
96
106
107
117
120
121
124
133
146
151
153
154
157
158
172
176
181
200
209
211
215
218
221
238
241
269
270
271
273
300
301
329
331
333
334
358
360
361
390
391
392
450
482
512
568
569
570
571
573
601
604
628
630
633
645
655
659
660
662
684
690
691
699
730
735
740
742
746
751
753
756
758
771
775
777
779
780
781
782
792
797
798
799
802
804
808
812
813
820
824
825
828
830
831
832
842
843
846
847
855
857
859
861
866
867
869
870
871
873
875
876
880
882
887
888
889
890
891
892
893
897
898
