5200300
565722720
20030010
167960
3268760
5200300
20030010
10400600
646646
2496144
300540195
7726160
352716
6906900
597496544
6906900
54627300
5200300
67863915
9657700
3124550
1144066
206253075
565722720
141120525
92378
1307504
141120525
1352078
206253075
20058300
2496144
206253075
119759850
3124550
21474180
86493225
141120525
497420
54627300
40116600
20058300
13037895
347373600
4686825
817190
352716
2496144
2496144
5200300
13123110
37158313
2496144
34597290
855967513
646646
145422675
817190
855967513
37158313
167960
59928922
5311735
17383860
37158313
86493225
34597290
92378
37158313
347373600
40116600
141120525
818809200
2496144
597496544
597496544
167960
1307504
20030010
92378
184756
13037895
166803103
77558760
2042975
54627300
3124550
92378
3124550
537567622
3268760
203961416
13123110
300540195
51895935
293930
37442160
77558760
9657700
646646
