1
14
135
171
156
152
2
110
171
133
147
171
24
98
135
65
33
73
107
142
173
102
137
115
127
116
25
115
129
110
102
144
14
174
118
110
77
86
110
2
93
88
48
73
96
164
63
25
117
27
139
23
28
80
128
93
116
55
25
74
47
154
29
71
142
131
133
12
137
43
142
116
97
154
71
164
25
68
59
127
156
156
6
143
44
83
152
85
142
123
15
51
77
152
139
129
115
10
143
173
127
129
116
87
44
63
146
97
57
96
4
33
33
46
134
42
135
130
40
86
117
44
49
63
35
171
32
126
73
135
120
71
43
2
43
4
13
73
161
27
29
96
71
170
111
56
64
129
86
23
88
46
56
28
27
41
127
96
17
134
33
137
114
126
154
144
156
169
131
33
156
131
65
93
142
115
