25.132741
3.141593
50.265482
31412.785257
0.000314
0.002827
0.005026
149844998.758411
314159265.358979
39207101.449542
201.061930
7853.981634
7853.981634
7834.395645
195.205757
23542.752627
10409969.025097
1670457.070545
127970697.009644
751268.948006
8143.008158
