1
15
21
24
38
23
36
3
16
14
18
1
28
16
40
22
21
24
35
5
30
13
32
38
30
12
21
26
6
40
29
34
25
21
35
31
11
21
31
21
9
