61315436099063928839176259598664490377919607078912