8
30720
2
2
20
30
60
120
240
480
960
1920
3840
7680
15360
30720
60
80
120
192
320
544
944
1666
3072
5504
80
96
128
176
260
416
644
1072
1792
96
106
132
176
256
354
520
816
106
116
136
176
232
322
458
116
128
146
176
226
298
128
132
152
176
226
132
136
160
184
136
146
162
146
152
152
2
4
8
10
16
18
24
26
32
34
40
48
52
56
64
74
80
82
90
96
98
112
114
120
128
130
132
136
146
1024
2048
3072
4096
5120
6144
7168
8192
9216
10240
11264
12288
13312
14336
15360
16384
17408
18432
19456
20480
21504
22528
23552
24576
25600
26624
27648
28672
29696
1024
2048
3072
4096
5120
6144
7168
8192
9216
10240
11264
12288
13312
14336
15360
16384
17408
18432
19456
20480
21504
22528
23552
24576
25600
26624
27648
28672
29696
52
18
4352
128
74
74
130
18
258
8
4
48
104
112
130
6
256
106
64
40
104
112
66
10
10
1344
40
64
208
10
4
1666
642
224
58
184
832
1538
288
104
336
80
24
112
8
384
64
256
48
8
52
82
74
34
120
66
32
114
866
68
34
108
408
304
4096
416
44
58
24
1280
80
2
26
2
98
4
384
336
4
50
152
80
5504
